Microchip MPLAB XC8 Compiler V2.32

Linker command line:

-W-3 --edf=D:\Program Files\Microchip\xc8\v2.32\pic\dat\en_msgs.txt -cn \
  -h+dist/default/production\Incubator.X.production.sym \
  --cmf=dist/default/production\Incubator.X.production.cmf -z -Q16F887 \
  -oC:\Users\Preethi\AppData\Local\Temp\xcAsg7o.4 --defsym=__MPLAB_BUILD=1 \
  -Mdist/default/production/Incubator.X.production.map -E1 \
  -ver=XC8 Compiler --acfsm=1493 -ASTACK=0110h-016Fh -pstack=STACK \
  -ACODE=00h-07FFhx4 -ASTRCODE=00h-01FFFh -ASTRING=00h-0FFhx32 \
  -ACONST=00h-0FFhx32 -AENTRY=00h-0FFhx32 -ACOMMON=070h-07Fh \
  -ABANK0=020h-06Fh -ABANK1=0A0h-0EFh -ABANK2=0110h-016Fh \
  -ABANK3=0190h-01EFh -ARAM=020h-06Fh,0A0h-0EFh,0110h-016Fh,0190h-01EFh \
  -AABS1=020h-07Fh,0A0h-0EFh,0110h-016Fh,0190h-01EFh -ASFR0=00h-01Fh \
  -ASFR1=080h-09Fh -ASFR2=0100h-010Fh -ASFR3=0180h-018Fh \
  -ACONFIG=02007h-02008h -DCONFIG=2 -AIDLOC=02000h-02003h -DIDLOC=2 \
  -AEEDATA=00h-0FFh/02100h -peeprom_data=EEDATA -DEEDATA=2 -DCODE=2 \
  -DSTRCODE=2 -DSTRING=2 -DCONST=2 -DENTRY=2 \
  -preset_vec=00h,intentry=04h,init,end_init -ppowerup=CODE -pcinit=CODE \
  -pfunctab=ENTRY -k C:\Users\Preethi\AppData\Local\Temp\xcAsg7o.o \
  dist/default/production\Incubator.X.production.o 

Object code version is 3.11

Machine type is 16F887



                Name                               Link     Load   Length Selector   Space Scale
C:\Users\Preethi\AppData\Local\Temp\xcAsg7o.o
                end_init                             10       10        3        8       0
                reset_vec                             0        0        3        0       0
                config                             2007     2007        1        0       4
dist/default/production\Incubator.X.production.o
                cinit                                13       13       1B        8       0
                intentry                              4        4        C        8       0
                config                             2007     2007        1        0       4
                text21                              5B2      5B2       28      6F8       0
                text20                              586      586       2C      6F8       0
                text19                              5FD      5FD       21      6F8       0
                text18                              558      558       2E      6F8       0
                text17                              4C2      4C2       36      6F8       0
                text16                              37C      37C       59      6F8       0
                text15                              477      477       4B      6F8       0
                text14                              426      426       51      6F8       0
                text13                              3D5      3D5       51      6F8       0
                text12                              697      697        9      6F8       0
                text11                              61E      61E       20      6F8       0
                text10                              213      213      10F        8       0
                text9                               678      678       15      6F8       0
                text8                               4F8      4F8       31      6F8       0
                text7                               6AD      6AD        5      6F8       0
                text6                               6A8      6A8        5      6F8       0
                text5                               65D      65D       1B      6F8       0
                text4                               63E      63E       1F      6F8       0
                text3                               529      529       2F      6F8       0
                text2                               5DA      5DA       23      6F8       0
                text1                               68D      68D        A      6F8       0
                maintext                             2E       2E      1E5        8       0
                cstackBANK0                          46       46       1E       20       1
                cstackCOMMON                         70       70        A       70       1
                clrtext                             6A0      6A0        8      6F8       0
                dataBANK0                            64       64        2       20       1
                bssBANK0                             20       20       26       20       1
                bssCOMMON                            7A       7A        4       70       1
                strings                             322      322       5A      644       0
                idataBANK0                          6B2      6B2        2      6F8       0

TOTAL           Name                               Link     Load   Length     Space
        CLASS   STACK          

        CLASS   CODE           
                end_init                             10       10        3         0
                cinit                                13       13       1B         0
                intentry                              4        4        C         0
                reset_vec                             0        0        3         0
                text21                              5B2      5B2       28         0
                text20                              586      586       2C         0
                text19                              5FD      5FD       21         0
                text18                              558      558       2E         0
                text17                              4C2      4C2       36         0
                text16                              37C      37C       59         0
                text15                              477      477       4B         0
                text14                              426      426       51         0
                text13                              3D5      3D5       51         0
                text12                              697      697        9         0
                text11                              61E      61E       20         0
                text10                              213      213      10F         0
                text9                               678      678       15         0
                text8                               4F8      4F8       31         0
                text7                               6AD      6AD        5         0
                text6                               6A8      6A8        5         0
                text5                               65D      65D       1B         0
                text4                               63E      63E       1F         0
                text3                               529      529       2F         0
                text2                               5DA      5DA       23         0
                text1                               68D      68D        A         0
                maintext                             2E       2E      1E5         0
                clrtext                             6A0      6A0        8         0
                idataBANK0                          6B2      6B2        2         0

        CLASS   STRCODE        

        CLASS   STRING         
                strings                             322      322       5A         0

        CLASS   CONST          

        CLASS   ENTRY          

        CLASS   COMMON         
                cstackCOMMON                         70       70        A         1
                bssCOMMON                            7A       7A        4         1

        CLASS   BANK0          
                cstackBANK0                          46       46       1E         1
                dataBANK0                            64       64        2         1
                bssBANK0                             20       20       26         1

        CLASS   BANK1          

        CLASS   BANK2          

        CLASS   BANK3          

        CLASS   RAM            

        CLASS   ABS1           
                abs_s1                               7E       7E        2         1

        CLASS   SFR0           

        CLASS   SFR1           

        CLASS   SFR2           

        CLASS   SFR3           

        CLASS   CONFIG         
                config                             2007     2007        1         4

        CLASS   IDLOC          

        CLASS   EEDATA         



SEGMENTS        Name                           Load    Length   Top    Selector   Space  Class     Delta

                reset_vec                      000000  000003  000003         0       0  CODE        2
                intentry                       000004  00031E  000322         8       0  CODE        2
                bssBANK0                       000020  000046  000066        20       1  BANK0       1
                cstackCOMMON                   000070  00000E  00007E        70       1  COMMON      1
                strings                        000322  00005A  00037C       644       0  STRING      2
                text16                         00037C  000338  0006B4       6F8       0  CODE        2


UNUSED ADDRESS RANGES

        Name                Unused          Largest block    Delta
        BANK0            0066-006F              A           1
        BANK1            00A0-00EF             50           1
        BANK2            0110-016F             60           1
        BANK3            0190-01EF             60           1
        CODE             0003-0003              1           2
                         06B4-1FFF            800
        CONFIG           2008-2008              1           2
        CONST            0003-0003              1           2
                         06B4-1FFF            100
        EEDATA           2100-21FF            100           2
        ENTRY            0003-0003              1           2
                         06B4-1FFF            100
        IDLOC            2000-2003              4           2
        RAM              0066-006F              A           1
                         00A0-00EF             50
                         0110-016F             60
                         0190-01EF             60
        SFR0             0000-001F             20           1
        SFR1             0080-009F             20           1
        SFR2             0100-010F             10           1
        SFR3             0180-018F             10           1
        STACK            0110-016F             60           1
        STRCODE          0003-0003              1           2
                         06B4-1FFF           194C
        STRING           0003-0003              1           2
                         06B4-1FFF            100

                                  Symbol Table

?___awdiv                        cstackBANK0  004C
?___awmod                        cstackBANK0  0046
?___wmul                         cstackBANK0  0046
_ADCON0                          (abs)        001F
_ADCON1                          (abs)        009F
_ADRESH                          (abs)        001E
_ADRESL                          (abs)        009E
_ANSEL                           (abs)        0188
_ANSELH                          (abs)        0189
_GO                              (abs)        00F9
_INTCON                          (abs)        000B
_PIE1                            (abs)        008C
_PORTA                           (abs)        0005
_PORTB                           (abs)        0006
_PORTC                           (abs)        0007
_PORTD                           (abs)        0008
_PORTE                           (abs)        0009
_RA3                             (abs)        002B
_RCSTA                           (abs)        0018
_RD0                             (abs)        0040
_RD1                             (abs)        0041
_RE0                             (abs)        0048
_RE1                             (abs)        0049
_RE2                             (abs)        004A
_SPBRG                           (abs)        0099
_T1CON                           (abs)        0010
_TMR1IF                          (abs)        0060
_TRISA                           (abs)        0085
_TRISB                           (abs)        0086
_TRISC                           (abs)        0087
_TRISD                           (abs)        0088
_TRISE                           (abs)        0089
_TXIF                            (abs)        0064
_TXREG                           (abs)        0019
_TXSTA                           (abs)        0098
__Habs1                          abs1         0000
__Hbank0                         bank0        0000
__Hbank1                         bank1        0000
__Hbank2                         bank2        0000
__Hbank3                         bank3        0000
__HbssBANK0                      bssBANK0     0000
__HbssCOMMON                     bssCOMMON    0000
__Hcinit                         cinit        002E
__Hclrtext                       clrtext      0000
__Hcode                          code         0000
__Hcommon                        common       0000
__Hconfig                        config       2008
__HcstackBANK0                   cstackBANK0  0000
__HcstackCOMMON                  cstackCOMMON 0000
__HdataBANK0                     dataBANK0    0000
__Heeprom_data                   eeprom_data  0000
__Hend_init                      end_init     0013
__Hfunctab                       functab      0000
__HidataBANK0                    idataBANK0   0000
__Hinit                          init         0010
__Hintentry                      intentry     0010
__Hmaintext                      maintext     0000
__Hpowerup                       powerup      0000
__Hram                           ram          0000
__Hreset_vec                     reset_vec    0003
__Hsfr0                          sfr0         0000
__Hsfr1                          sfr1         0000
__Hsfr2                          sfr2         0000
__Hsfr3                          sfr3         0000
__Hspace_0                       (abs)        06B4
__Hspace_1                       (abs)        007E
__Hspace_2                       (abs)        0000
__Hspace_3                       (abs)        0000
__Hspace_4                       (abs)        400F
__Hstack                         stack        0000
__Hstrings                       strings      0000
__Htext                          text         0000
__Labs1                          abs1         0000
__Lbank0                         bank0        0000
__Lbank1                         bank1        0000
__Lbank2                         bank2        0000
__Lbank3                         bank3        0000
__LbssBANK0                      bssBANK0     0000
__LbssCOMMON                     bssCOMMON    0000
__Lcinit                         cinit        0013
__Lclrtext                       clrtext      0000
__Lcode                          code         0000
__Lcommon                        common       0000
__Lconfig                        config       0000
__LcstackBANK0                   cstackBANK0  0000
__LcstackCOMMON                  cstackCOMMON 0000
__LdataBANK0                     dataBANK0    0000
__Leeprom_data                   eeprom_data  0000
__Lend_init                      end_init     0010
__Lfunctab                       functab      0000
__LidataBANK0                    idataBANK0   0000
__Linit                          init         0010
__Lintentry                      intentry     0004
__Lmaintext                      maintext     0000
__Lpowerup                       powerup      0000
__Lram                           ram          0000
__Lreset_vec                     reset_vec    0000
__Lsfr0                          sfr0         0000
__Lsfr1                          sfr1         0000
__Lsfr2                          sfr2         0000
__Lsfr3                          sfr3         0000
__Lspace_0                       (abs)        0000
__Lspace_1                       (abs)        0000
__Lspace_2                       (abs)        0000
__Lspace_3                       (abs)        0000
__Lspace_4                       (abs)        0000
__Lstack                         stack        0000
__Lstrings                       strings      0000
__Ltext                          text         0000
__S0                             (abs)        06B4
__S1                             (abs)        007E
__S2                             (abs)        0000
__S3                             (abs)        0000
___awdiv                         text16       037C
___awdiv@counter                 cstackBANK0  0051
___awdiv@dividend                cstackBANK0  004E
___awdiv@divisor                 cstackBANK0  004C
___awdiv@quotient                cstackBANK0  0053
___awdiv@sign                    cstackBANK0  0052
___awmod                         text15       0477
___awmod@counter                 cstackBANK0  004B
___awmod@dividend                cstackBANK0  0048
___awmod@divisor                 cstackBANK0  0046
___awmod@sign                    cstackBANK0  004C
___int_sp                        stack        0000
___latbits                       (abs)        0002
___sp                            stack        0000
___stackhi                       (abs)        0000
___stacklo                       (abs)        0000
___wmul                          text19       05FD
___wmul@multiplicand             cstackBANK0  0048
___wmul@multiplier               cstackBANK0  0046
___wmul@product                  cstackBANK0  004A
__end_of___awdiv                 text16       03D5
__end_of___awmod                 text15       04C2
__end_of___wmul                  text19       061E
__end_of__initialization         cinit        002A
__end_of__stringtab              strings      0332
__end_of_adc                     text17       04F8
__end_of_delay                   text18       0586
__end_of_digit_split_a           text13       0426
__end_of_gsm_msg                 text10       0322
__end_of_lcd_clear               text7        06B2
__end_of_lcd_command             text8        0529
__end_of_lcd_data                text3        0558
__end_of_lcd_displayon_cursoron  text6        06AD
__end_of_lcd_enable              text9        068D
__end_of_lcd_initialize          text4        065D
__end_of_lcd_position            text5        0678
__end_of_lcd_string              text2        05FD
__end_of_main                    maintext     0213
__end_of_string_rev              text14       0477
__end_of_timer                   text20       05B2
__end_of_timer1_config           text1        0697
__end_of_transmit_data           text12       06A0
__end_of_transmit_string         text11       063E
__end_ofi1_delay                 text21       05DA
__initialization                 cinit        0013
__pbssBANK0                      bssBANK0     0020
__pbssCOMMON                     bssCOMMON    007A
__pcstackBANK0                   cstackBANK0  0046
__pcstackCOMMON                  cstackCOMMON 0070
__pdataBANK0                     dataBANK0    0064
__pidataBANK0                    idataBANK0   06B2
__pintentry                      intentry     0004
__pmaintext                      maintext     002E
__pstrings                       strings      0322
__ptext1                         text1        068D
__ptext10                        text10       0213
__ptext11                        text11       061E
__ptext12                        text12       0697
__ptext13                        text13       03D5
__ptext14                        text14       0426
__ptext15                        text15       0477
__ptext16                        text16       037C
__ptext17                        text17       04C2
__ptext18                        text18       0558
__ptext19                        text19       05FD
__ptext2                         text2        05DA
__ptext20                        text20       0586
__ptext21                        text21       05B2
__ptext3                         text3        0529
__ptext4                         text4        063E
__ptext5                         text5        065D
__ptext6                         text6        06A8
__ptext7                         text7        06AD
__ptext8                         text8        04F8
__ptext9                         text9        0678
__size_of___awdiv                (abs)        0000
__size_of___awmod                (abs)        0000
__size_of___wmul                 (abs)        0000
__size_of_adc                    (abs)        0000
__size_of_delay                  (abs)        0000
__size_of_digit_split_a          (abs)        0000
__size_of_gsm_msg                (abs)        0000
__size_of_lcd_clear              (abs)        0000
__size_of_lcd_command            (abs)        0000
__size_of_lcd_data               (abs)        0000
__size_of_lcd_displayon_cursoron (abs)        0000
__size_of_lcd_enable             (abs)        0000
__size_of_lcd_initialize         (abs)        0000
__size_of_lcd_position           (abs)        0000
__size_of_lcd_string             (abs)        0000
__size_of_main                   (abs)        0000
__size_of_string_rev             (abs)        0000
__size_of_timer                  (abs)        0000
__size_of_timer1_config          (abs)        0000
__size_of_transmit_data          (abs)        0000
__size_of_transmit_string        (abs)        0000
__size_ofi1_delay                (abs)        0000
__stringbase                     strings      0331
__stringtab                      strings      0322
_adc                             text17       04C2
_count                           bssCOMMON    007A
_delay                           text18       0558
_digit_split_a                   text13       03D5
_flag                            dataBANK0    0064
_gsm_msg                         text10       0213
_h_voltage                       bssBANK0     0044
_hum                             bssBANK0     002A
_humidity                        bssBANK0     002C
_intensity                       bssBANK0     0036
_lcd_clear                       text7        06AD
_lcd_command                     text8        04F8
_lcd_data                        text3        0529
_lcd_displayon_cursoron          text6        06A8
_lcd_enable                      text9        0678
_lcd_initialize                  text4        063E
_lcd_position                    text5        065D
_lcd_string                      text2        05DA
_light                           bssBANK0     0026
_main                            maintext     002E
_main$814                        cstackBANK0  0062
_out_humidity                    bssBANK0     0020
_out_temp                        bssBANK0     0022
_string_rev                      text14       0426
_temp                            bssBANK0     0028
_temperature                     bssBANK0     0040
_timer                           text20       0586
_timer1_config                   text1        068D
_transmit_data                   text12       0697
_transmit_string                 text11       061E
_voltage                         bssBANK0     0024
adc@a                            cstackBANK0  004F
adc@b                            cstackBANK0  0051
adc@input                        cstackBANK0  0055
adc@output                       cstackBANK0  0053
btemp                            (abs)        007E
clear_ram0                       clrtext      06A0
delay@i                          cstackBANK0  0049
delay@j                          cstackBANK0  004B
delay@ms                         cstackBANK0  0046
digit_split_a@a                  cstackBANK0  0057
digit_split_a@b                  cstackBANK0  005F
digit_split_a@i                  cstackBANK0  005D
digit_split_a@mod                cstackBANK0  005B
end_of_initialization            cinit        002A
i1_delay                         text21       05B2
i1delay@i                        cstackCOMMON 0073
i1delay@j                        cstackCOMMON 0075
i1delay@ms                       cstackCOMMON 0070
interrupt_function               intentry     0004
intlevel0                        functab      0000
intlevel1                        functab      0000
intlevel2                        functab      0000
intlevel3                        functab      0000
intlevel4                        functab      0000
intlevel5                        functab      0000
lcd_command@a                    cstackBANK0  004F
lcd_data@a                       cstackBANK0  004F
lcd_position@column              cstackBANK0  0052
lcd_position@row                 cstackBANK0  0050
lcd_string@a                     cstackBANK0  0050
reset_vec                        reset_vec    0000
saved_w                          (abs)        007E
start                            init         0010
start_initialization             cinit        0013
string_rev@a                     cstackBANK0  0054
string_rev@b                     cstackBANK0  0048
string_rev@i                     cstackBANK0  0055
string_rev@j                     cstackBANK0  0052
transmit_data@a                  cstackBANK0  0046
transmit_string@a                cstackBANK0  0046
wtemp0                           (abs)        007E


MODULE INFORMATION

Module		Function		Class		Link	Load	Size
D:\Program Files\Microchip\xc8\v2.32\pic\sources\c90\common\awdiv.c
		___awdiv       		CODE           	037C	0000	89

D:\Program Files\Microchip\xc8\v2.32\pic\sources\c90\common\awdiv.c estimated size: 89

../../../LCD_driver/LCD_driver.X/Lcd_16x2_Driver.c
		_lcd_command   		CODE           	04F8	0000	49
		_delay         		CODE           	0558	0000	46
		_lcd_data      		CODE           	0529	0000	47
		_lcd_initialize		CODE           	063E	0000	31
		_string_rev    		CODE           	0426	0000	81
		_lcd_position  		CODE           	065D	0000	27
		_lcd_clear     		CODE           	06AD	0000	5
		_lcd_displayon_cursoron		CODE           	06A8	0000	5
		_digit_split_a 		CODE           	03D5	0000	81
		_lcd_enable    		CODE           	0678	0000	21
		_lcd_string    		CODE           	05DA	0000	35

../../../LCD_driver/LCD_driver.X/Lcd_16x2_Driver.c estimated size: 428

D:\Program Files\Microchip\xc8\v2.32\pic\sources\c90\common\Umul16.c
		___wmul        		CODE           	05FD	0000	33

D:\Program Files\Microchip\xc8\v2.32\pic\sources\c90\common\Umul16.c estimated size: 33

incubator.c
		_transmit_data 		CODE           	0697	0000	9
		_main          		CODE           	002E	0000	485
		_transmit_string		CODE           	061E	0000	32
		_adc           		CODE           	04C2	0000	54
		_timer         		CODE           	0586	0000	44
		_gsm_msg       		CODE           	0213	0000	271
		_timer1_config 		CODE           	068D	0000	10

incubator.c estimated size: 905

shared
		__stringtab    		STRING         	0322	0000	16
		__initialization		CODE           	0013	0000	23
		i1_delay       		CODE           	05B2	0000	40

shared estimated size: 79

D:\Program Files\Microchip\xc8\v2.32\pic\sources\c90\common\awmod.c
		___awmod       		CODE           	0477	0000	75

D:\Program Files\Microchip\xc8\v2.32\pic\sources\c90\common\awmod.c estimated size: 75

